// Jest Snapshot v1, https://goo.gl/fbAQLP

exports[`feed component renders feed component 1`] = `
<div>
  <div
    id="messages"
  >
    <div
      class="message"
      id="message-1"
    >
      <div
        class="message-title"
      >
        <div
          class="forum-message"
        >
          <div
            class="icon-message"
            style="background-color: red;"
          >
            g
          </div>
          <div
            class="forum-name"
            data-testid="gabe"
          >
            r/gabe
          </div>
        </div>
        <div
          class="from"
        >
          Posted by u/gabe Now
        </div>
      </div>
      <div
        class="message-content"
      >
        <h4>
          test
        </h4>
        <div>
          test
        </div>
      </div>
      <div
        class="bottom-icons"
      >
        <div
          class="likes"
          data-testid="likes"
          id="likes-1"
        >
          <button
            aria-label="up vote"
            class="up-vote-btn arrow-btn"
            id="up-vote-btn-1"
          >
            <img
              class="arrow"
              src="test-file-stub"
            />
          </button>
          0
          <button
            aria-label="down vote"
            class="down-vote-btn arrow-btn"
            id="down-vote-btn-1"
          >
            <img
              class="arrow"
              src="test-file-stub"
            />
          </button>
        </div>
      </div>
    </div>
  </div>
</div>
`;
